{
  "__typename": "MarkdownColumn",
  "description": {
    "step": null,
    "contents": "これだけではありません！\n\nOne-tap機能を使うと、更に洗練された見た目の登録画面を表示できます！",
    "alignment": null
  }
}