{
  "_placeholder": null,
  "description": {
    "step": null,
    "contents": "Googleが提供するSign in with Googleを利用して素早く簡単に、そして安全にあなたのアプリケーションに認証機能を導入する方法をデモンストレーションします",
    "alignment": null
  }
}