{
  "__typename": "BackgroundImageColumn",
  "width": 640,
  "height": 1048,
  "path": "/images/002.png",
  "modal": {
    "text": "このようなボタンを設置して",
    "position": null
  }
}