{
  "Width": 640,
  "Height": 1048,
  "Path": "/images/003.png",
  "URL": "",
  "Modal": {
    "Text": "このようなボタンを設置して",
    "Position": "top"
  }
}