{
  "step": "283ebd52-2578-43f5-bb87-59761c39a3d4",
  "nextStep": "431c1a25-30e1-4514-8efa-cdcc7dfa9f98",
  "prevStep": "92e7ef68-9c1c-4845-ab41-1e407db7ede4",
  "columns": [
    {
      "index": null,
      "column": {
        "__typename": "SourceCodeColumn",
        "sourceCode": {
          "step": "",
          "defaultOpenFile": null,
          "fileTree": [
            {
              "nodeType": "FILE",
              "name": ".gitignore",
              "filePath": ".gitignore",
              "offset": 0,
              "isUpdated": false
            },
            {
              "nodeType": "FILE",
              "name": "index.html",
              "filePath": "index.html",
              "offset": 0,
              "isUpdated": true
            },
            {
              "nodeType": "FILE",
              "name": "package-lock.json",
              "filePath": "package-lock.json",
              "offset": 0,
              "isUpdated": false
            },
            {
              "nodeType": "FILE",
              "name": "package.json",
              "filePath": "package.json",
              "offset": 0,
              "isUpdated": false
            }
          ],
          "fileContents": null
        }
      },
      "name": null
    }
  ],
  "modal": null,
  "focusColumn": null
}