{
  "step": "593f316c-4024-4cfb-8277-91b580212775",
  "nextStep": "6fc864b2-cdac-4a4e-9fdf-8e23cff105bd",
  "prevStep": "d201905f-646f-4006-bd1c-12b90f0294ce",
  "columns": [
    {
      "index": null,
      "column": {
        "__typename": "SourceCodeColumn",
        "sourceCode": {
          "step": "",
          "defaultOpenFile": null,
          "fileTree": [
            {
              "nodeType": "FILE",
              "name": ".gitignore",
              "filePath": ".gitignore",
              "offset": 0,
              "isUpdated": false
            },
            {
              "nodeType": "FILE",
              "name": "index.html",
              "filePath": "index.html",
              "offset": 0,
              "isUpdated": true
            },
            {
              "nodeType": "FILE",
              "name": "package-lock.json",
              "filePath": "package-lock.json",
              "offset": 0,
              "isUpdated": false
            },
            {
              "nodeType": "FILE",
              "name": "package.json",
              "filePath": "package.json",
              "offset": 0,
              "isUpdated": false
            }
          ],
          "fileContents": null
        }
      }
    }
  ],
  "modal": null
}