{
  "step": "9e952c0c-fe32-48ed-917b-ba835cc56e93",
  "nextStep": "d41a2666-ffd4-4329-b3ad-9bce5da2fd69",
  "prevStep": "78468841-a936-49c1-ab92-77e9cc60d604",
  "columns": null
}