{
  "step": "6d76d697-9103-400d-b765-8e8c6350722b",
  "nextStep": "d201905f-646f-4006-bd1c-12b90f0294ce",
  "prevStep": "a0b3ff24-030d-4735-a5aa-e3c5c542e341",
  "columns": [
    {
      "index": null,
      "column": {
        "__typename": "SourceCodeColumn",
        "sourceCode": {
          "step": "",
          "defaultOpenFile": null,
          "fileTree": [
            {
              "nodeType": "FILE",
              "name": ".gitignore",
              "filePath": ".gitignore",
              "offset": 0,
              "isUpdated": false
            },
            {
              "nodeType": "FILE",
              "name": "package-lock.json",
              "filePath": "package-lock.json",
              "offset": 0,
              "isUpdated": false
            },
            {
              "nodeType": "FILE",
              "name": "package.json",
              "filePath": "package.json",
              "offset": 0,
              "isUpdated": true
            }
          ],
          "fileContents": null
        }
      }
    }
  ]
}