{
  "seqNo": 1,
  "column": 0,
  "commit": "e02fc71d2481ed3a507926a43244e56a2d7c14c2",
  "repoUrl": ""
}