{
  "seqNo": 0,
  "column": 0,
  "commit": "80853dd7ab95987fef9255cbfa471cc645adefa5",
  "repoUrl": ""
}