{
  "seqNo": 2,
  "step": "863dbf18-84b7-4723-8ef2-a7dd9f0aa28b",
  "nColumns": 1
}