{
  "seqNo": 1,
  "step": "d0d00a27-e289-4342-bd3b-8087795b67a3",
  "nColumns": 1
}