{
  "seqNo": 27,
  "column": 0,
  "type": "command",
  "text": "cd sign-in-with-google-experiment"
}