{
  "seqNo": 31,
  "column": 0,
  "type": "command",
  "text": "npm init -y"
}