{
  "seqNo": 26,
  "column": 0,
  "type": "command",
  "text": "mkdir sign-in-with-google-experiment"
}