[
  {
    "IsFoldFileTree": false,
    "IsTrivialStep": false,
    "browserImageHeight": 0,
    "browserImageName": "",
    "browserImageWidth": 0,
    "column1": "Terminal",
    "column2": "",
    "column3": "",
    "column4": "",
    "column5": "",
    "comment": "",
    "commit": "",
    "currentDir": "",
    "defaultOpenFilePath": "",
    "devtoolsImageHeight": 0,
    "devtoolsImageName": "",
    "devtoolsImageWidth": 0,
    "durationSeconds": 0,
    "focusColumn": "Terminal",
    "isFoldFileTree": "",
    "isTrivialStep": "",
    "markdownContents": "",
    "markdownHorizontalAlignment": "",
    "markdownVerticalAlignment": "",
    "modalPosition": "",
    "modalText": "プロジェクトディレクトリを作成",
    "step": "c8238063-dd5a-4cd4-9d62-5c9c8ebd35ec",
    "terminalName": "server",
    "terminalText": "mkdir gqlgen-todos",
    "terminalType": "command",
    "youtubeHeight": 0,
    "youtubeVideoId": "",
    "youtubeWidth": 0
  }
]