[
  {
    "fromRoughStep": true,
    "subId": "markdownStep",
    "step": "",
    "markdownContents": "まずは公式ドキュメントに従って初期設定を行います"
  }
]