[
  {
    "fromRoughStep": true,
    "subId": "terminalCommandStep",
    "step": "",
    "focusColumn": "Terminal",
    "terminalText": "mkdir gqlgen-todos",
    "terminalType": "command"
  }
]