[
  {
    "step": "",
    "terminalText": "cd gqlgen-todos",
    "terminalType": "command",
    "currentDir": "gqlgen-todos"
  }
]