{
  "_placeholder": null,
  "description": {
    "step": null,
    "contents": "Googleのサービスで、\n\n**「素早く」「簡単に」** 認証を導入！",
    "alignment": "CENTER"
  },
  "image": {
    "width": 171,
    "height": 38,
    "path": "/images/000.png",
    "url": null
  },
  "order": null
}