{
  "_placeholder": null,
  "width": 640,
  "height": 1048,
  "path": "/images/003.png",
  "url": null,
  "modal": {
    "text": "このようなボタンを設置して",
    "position": null
  }
}