[
  {
    "step": "_initial",
    "nextStep": "d0d00a27-e289-4342-bd3b-8087795b67a3",
    "prevStep": null,
    "columns": [
      {
        "index": null,
        "column": {
          "_placeholder": null,
          "description": {
            "step": null,
            "contents": "Googleのサービスで、\n\n**「素早く」「簡単に」** 認証を導入！",
            "alignment": "CENTER"
          },
          "image": {
            "width": 171,
            "height": 38,
            "path": "/images/000.png",
            "url": null
          },
          "order": null
        }
      }
    ]
  },
  {
    "step": "d0d00a27-e289-4342-bd3b-8087795b67a3",
    "nextStep": "863dbf18-84b7-4723-8ef2-a7dd9f0aa28b",
    "prevStep": "_initial",
    "columns": [
      {
        "index": null,
        "column": {
          "_placeholder": null,
          "description": {
            "step": null,
            "contents": "Googleが提供するSign in with Googleを利用して素早く簡単に、そして安全にあなたのアプリケーションに認証機能を導入する方法をデモンストレーションします",
            "alignment": null
          }
        }
      }
    ]
  },
  {
    "step": "863dbf18-84b7-4723-8ef2-a7dd9f0aa28b",
    "nextStep": null,
    "prevStep": "d0d00a27-e289-4342-bd3b-8087795b67a3",
    "columns": [
      {
        "index": null,
        "column": {
          "_placeholder": null,
          "width": 640,
          "height": 1048,
          "path": "/images/002.png",
          "url": null,
          "modal": {
            "text": "このようなボタンを設置して",
            "position": null
          }
        }
      }
    ]
  }
]