{
  "Image": {
    "Width": 0,
    "Height": 0,
    "OriginalWidth": 0,
    "OriginalHeight": 0,
    "Path": "",
    "URL": ""
  },
  "Description": {
    "Contents": "これだけではありません！\n\nOne-tap機能を使うと、更に洗練された見た目の登録画面を表示できます！",
    "Alignment": ""
  }
}