{
  "Image": {
    "Width": 171,
    "Height": 38,
    "OriginalWidth": 342,
    "OriginalHeight": 76,
    "Path": "/images/000.png",
    "URL": ""
  },
  "Description": {
    "Contents": "Googleのサービスで、\n\n**「素早く」「簡単に」** 認証を導入！",
    "Alignment": "CENTER"
  }
}