{
  "Image": {
    "Width": 0,
    "Height": 0,
    "OriginalWidth": 0,
    "OriginalHeight": 0,
    "Path": "",
    "URL": ""
  },
  "Description": {
    "Contents": "Googleが提供するSign in with Googleを利用して素早く簡単に、そして安全にあなたのアプリケーションに認証機能を導入する方法をデモンストレーションします",
    "Alignment": ""
  }
}