{
  "Image": {
    "Width": 298,
    "Height": 452,
    "OriginalWidth": 298,
    "OriginalHeight": 452,
    "Path": "/images/015.png",
    "URL": ""
  },
  "Description": {
    "Contents": "それではデモンストレーションの手順を見ていきます。\n\n1. まずはGoogle Cloud Platform上での設定が必要です。OAuth Client IDを作成しましょう。",
    "Alignment": ""
  }
}