[
  {
    "fromRoughStep": true,
    "subId": "fileTreeStep",
    "step": "",
    "focusColumn": "Source Code",
    "column1": "Source Code",
    "comment": "(file tree)",
    "commit": "c8a922d8850d7b5f738f649a8ad61947f1202edd",
    "defaultOpenFilePath": "data/todo.json"
  },
  {
    "fromRoughStep": true,
    "subId": "openFileStep-0",
    "step": "",
    "focusColumn": "Source Code",
    "column1": "Source Code",
    "defaultOpenFilePath": "data/todo.json",
    "isFoldFileTree": true
  },
  {
    "fromRoughStep": true,
    "subId": "openFileStep-1",
    "step": "",
    "focusColumn": "Source Code",
    "column1": "Source Code",
    "defaultOpenFilePath": "go.mod",
    "isFoldFileTree": true
  },
  {
    "fromRoughStep": true,
    "subId": "openFileStep-2",
    "step": "",
    "focusColumn": "Source Code",
    "column1": "Source Code",
    "defaultOpenFilePath": "go.sum",
    "isFoldFileTree": true
  },
  {
    "fromRoughStep": true,
    "subId": "openFileStep-3",
    "step": "",
    "focusColumn": "Source Code",
    "column1": "Source Code",
    "defaultOpenFilePath": "gqlgen.yml",
    "isFoldFileTree": true
  },
  {
    "fromRoughStep": true,
    "subId": "openFileStep-4",
    "step": "",
    "focusColumn": "Source Code",
    "column1": "Source Code",
    "defaultOpenFilePath": "graph/generated.go",
    "isFoldFileTree": true
  },
  {
    "fromRoughStep": true,
    "subId": "openFileStep-5",
    "step": "",
    "focusColumn": "Source Code",
    "column1": "Source Code",
    "defaultOpenFilePath": "graph/model/models_gen.go",
    "isFoldFileTree": true
  }
]