[
  {
    "fromRoughStep": true,
    "subId": "sourceErrorStep",
    "step": "",
    "focusColumn": "Source Code",
    "column1": "Source Code"
  }
]