[
  {
    "fromRoughStep": true,
    "subId": "terminalCommandStep",
    "step": "",
    "focusColumn": "Terminal",
    "column1": "Terminal",
    "terminalType": "command",
    "terminalText": "go run github.com/99designs/gqlgen init"
  },
  {
    "fromRoughStep": true,
    "subId": "fileTreeStep",
    "step": "",
    "focusColumn": "Source Code",
    "column1": "Terminal",
    "column2": "Source Code",
    "comment": "(file tree)",
    "commit": "d906506ccf6d2e2d0c55680811d0f503b7094d47",
    "defaultOpenFilePath": "go.mod"
  },
  {
    "fromRoughStep": true,
    "subId": "openFileStep-0",
    "step": "",
    "focusColumn": "Source Code",
    "column1": "Terminal",
    "column2": "Source Code",
    "defaultOpenFilePath": "go.mod",
    "isFoldFileTree": true
  },
  {
    "fromRoughStep": true,
    "subId": "openFileStep-1",
    "step": "",
    "focusColumn": "Source Code",
    "column1": "Terminal",
    "column2": "Source Code",
    "defaultOpenFilePath": "go.sum",
    "isFoldFileTree": true
  },
  {
    "fromRoughStep": true,
    "subId": "openFileStep-2",
    "step": "",
    "focusColumn": "Source Code",
    "column1": "Terminal",
    "column2": "Source Code",
    "defaultOpenFilePath": "gqlgen.yml",
    "isFoldFileTree": true
  },
  {
    "fromRoughStep": true,
    "subId": "openFileStep-3",
    "step": "",
    "focusColumn": "Source Code",
    "column1": "Terminal",
    "column2": "Source Code",
    "defaultOpenFilePath": "graph/generated.go",
    "isFoldFileTree": true
  },
  {
    "fromRoughStep": true,
    "subId": "openFileStep-4",
    "step": "",
    "focusColumn": "Source Code",
    "column1": "Terminal",
    "column2": "Source Code",
    "defaultOpenFilePath": "graph/model/models_gen.go",
    "isFoldFileTree": true
  },
  {
    "fromRoughStep": true,
    "subId": "openFileStep-5",
    "step": "",
    "focusColumn": "Source Code",
    "column1": "Terminal",
    "column2": "Source Code",
    "defaultOpenFilePath": "graph/resolver.go",
    "isFoldFileTree": true
  }
]