[
  {
    "fromRoughStep": true,
    "subId": "terminalCommandStep",
    "parentStep": "66105871-d23c-4e54-98f4-b715b330a0da",
    "step": "",
    "focusColumn": "Terminal",
    "column1": "Terminal",
    "terminalType": "command",
    "terminalText": "mkdir myproj"
  }
]